TAP version 13
# Subtest: A1b — composer rejects non-integer targeted budgets before targeted provider IO
    # Subtest: numeric string
    not ok 1 - numeric string
      ---
      duration_ms: 701.072833
      type: 'test'
      location: "<candidate-root>/research-orchestration/test/p2a-t09-targeted-subphase-orchestration.test.mjs:236:13"
      failureType: 'testCodeFailure'
      error: |-
        Expected values to be strictly equal:
        
        true !== false
        
      code: 'ERR_ASSERTION'
      name: 'AssertionError'
      expected: false
      actual: true
      operator: 'strictEqual'
      stack: |-
        TestContext.<anonymous> (file://<candidate-root>/research-orchestration/test/p2a-t09-targeted-subphase-orchestration.test.mjs:244:16)
        async Test.run (node:internal/test_runner/test:1409:7)
        async TestContext.<anonymous> (file://<candidate-root>/research-orchestration/test/p2a-t09-targeted-subphase-orchestration.test.mjs:236:5)
        async Test.run (node:internal/test_runner/test:1409:7)
        async startSubtestAfterBootstrap (node:internal/test_runner/harness:387:3)
      ...
    # Subtest: infinity
    not ok 2 - infinity
      ---
      duration_ms: 717.848
      type: 'test'
      location: "<candidate-root>/research-orchestration/test/p2a-t09-targeted-subphase-orchestration.test.mjs:236:13"
      failureType: 'testCodeFailure'
      error: |-
        Expected values to be strictly equal:
        
        true !== false
        
      code: 'ERR_ASSERTION'
      name: 'AssertionError'
      expected: false
      actual: true
      operator: 'strictEqual'
      stack: |-
        TestContext.<anonymous> (file://<candidate-root>/research-orchestration/test/p2a-t09-targeted-subphase-orchestration.test.mjs:244:16)
        async Test.run (node:internal/test_runner/test:1409:7)
        async TestContext.<anonymous> (file://<candidate-root>/research-orchestration/test/p2a-t09-targeted-subphase-orchestration.test.mjs:236:5)
        async Test.run (node:internal/test_runner/test:1409:7)
        async startSubtestAfterBootstrap (node:internal/test_runner/harness:387:3)
      ...
    # Subtest: fraction
    ok 3 - fraction
      ---
      duration_ms: 23.755833
      type: 'test'
      ...
    # Subtest: zero
    ok 4 - zero
      ---
      duration_ms: 23.229709
      type: 'test'
      ...
    # Subtest: coercible object
    not ok 5 - coercible object
      ---
      duration_ms: 702.764334
      type: 'test'
      location: "<candidate-root>/research-orchestration/test/p2a-t09-targeted-subphase-orchestration.test.mjs:236:13"
      failureType: 'testCodeFailure'
      error: |-
        Expected values to be strictly equal:
        
        true !== false
        
      code: 'ERR_ASSERTION'
      name: 'AssertionError'
      expected: false
      actual: true
      operator: 'strictEqual'
      stack: |-
        TestContext.<anonymous> (file://<candidate-root>/research-orchestration/test/p2a-t09-targeted-subphase-orchestration.test.mjs:244:16)
        async Test.run (node:internal/test_runner/test:1409:7)
        async TestContext.<anonymous> (file://<candidate-root>/research-orchestration/test/p2a-t09-targeted-subphase-orchestration.test.mjs:236:5)
        async Test.run (node:internal/test_runner/test:1409:7)
        async startSubtestAfterBootstrap (node:internal/test_runner/harness:387:3)
      ...
    1..5
not ok 1 - A1b — composer rejects non-integer targeted budgets before targeted provider IO
  ---
  duration_ms: 2170.254584
  type: 'test'
  location: "<candidate-root>/research-orchestration/test/p2a-t09-targeted-subphase-orchestration.test.mjs:222:1"
  failureType: 'testCodeFailure'
  error: |-
    validation must reject the object without coercing it
    
    1 !== 0
    
  code: 'ERR_ASSERTION'
  name: 'AssertionError'
  expected: 0
  actual: 1
  operator: 'strictEqual'
  stack: |-
    TestContext.<anonymous> (file://<candidate-root>/research-orchestration/test/p2a-t09-targeted-subphase-orchestration.test.mjs:254:10)
    async Test.run (node:internal/test_runner/test:1409:7)
    async startSubtestAfterBootstrap (node:internal/test_runner/harness:387:3)
  ...
# Subtest: A1c — integer targeted budget remains valid under the P1 global cap
ok 2 - A1c — integer targeted budget remains valid under the P1 global cap
  ---
  duration_ms: 687.890083
  type: 'test'
  ...
1..2
# tests 7
# suites 0
# pass 3
# fail 4
# cancelled 0
# skipped 0
# todo 0
# duration_ms 2943.6545
